---
source: crates/runner/src/test_case.rs
assertion_line: 94
expression: snapshot
---
chflags	chflags/00.t	00	chflags changes flags
chflags	chflags/01.t	01	chflags returns ENOTDIR if a component of the path prefix is not a directory
chflags	chflags/02.t	02	chflags returns ENAMETOOLONG if a component of a pathname exceeded {NAME_MAX} characters
chflags	chflags/03.t	03	chflags returns ENAMETOOLONG if an entire path name exceeded {PATH_MAX} characters
chflags	chflags/04.t	04	chflags returns ENOENT if the named file does not exist
chflags	chflags/05.t	05	chflags returns EACCES when search permission is denied for a component of the path prefix
chflags	chflags/06.t	06	chflags returns ELOOP if too many symbolic links were encountered in translating the pathname
chflags	chflags/07.t	07	chflags returns EPERM when the effective user ID does not match the owner of the file and the effective user ID is not the super-user
chflags	chflags/08.t	08	chflags returns EPERM when one of SF_IMMUTABLE, SF_APPEND, or SF_NOUNLINK is set and the user is not the super-user
chflags	chflags/09.t	09	chflags returns EPERM when one of SF_IMMUTABLE, SF_APPEND, or SF_NOUNLINK is set and securelevel is greater than 0
chflags	chflags/10.t	10	chflags returns EPERM if non-super-user tries to set one of SF_IMMUTABLE, SF_APPEND, or SF_NOUNLINK
chflags	chflags/11.t	11	chflags returns EPERM if a user tries to set or remove the SF_SNAPSHOT flag
chflags	chflags/12.t	12	chflags returns EROFS if the named file resides on a read-only file system
chflags	chflags/13.t	13	chflags returns EFAULT if the path argument points outside the process's allocated address space
chmod	chmod/00.t	00	chmod changes permission
chmod	chmod/01.t	01	chmod returns ENOTDIR if a component of the path prefix is not a directory
chmod	chmod/02.t	02	chmod returns ENAMETOOLONG if a component of a pathname exceeded {NAME_MAX} characters
chmod	chmod/03.t	03	chmod returns ENAMETOOLONG if an entire path name exceeded {PATH_MAX} characters
chmod	chmod/04.t	04	chmod returns ENOENT if the named file does not exist
chmod	chmod/05.t	05	chmod returns EACCES when search permission is denied for a component of the path prefix
chmod	chmod/06.t	06	chmod returns ELOOP if too many symbolic links were encountered in translating the pathname
chmod	chmod/07.t	07	chmod returns EPERM if the operation would change the ownership, but the effective user ID is not the super-user
chmod	chmod/08.t	08	chmod returns EPERM if the named file has its immutable or append-only flag set
chmod	chmod/09.t	09	chmod returns EROFS if the named file resides on a read-only file system
chmod	chmod/10.t	10	chmod returns EFAULT if the path argument points outside the process's allocated address space
chmod	chmod/11.t	11	chmod returns EFTYPE if the effective user ID is not the super-user, the mode includes the sticky bit (S_ISVTX), and path does not refer to a directory
chmod	chmod/12.t	12	verify SUID/SGID bit behaviour
chown	chown/00.t	00	chown changes ownership
chown	chown/01.t	01	chown returns ENOTDIR if a component of the path prefix is not a directory
chown	chown/02.t	02	chown returns ENAMETOOLONG if a component of a pathname exceeded ${NAME_MAX} characters
chown	chown/03.t	03	chown returns ENAMETOOLONG if an entire path name exceeded {PATH_MAX} characters
chown	chown/04.t	04	chown returns ENOENT if the named file does not exist
chown	chown/05.t	05	chown returns EACCES when search permission is denied for a component of the path prefix
chown	chown/06.t	06	chown returns ELOOP if too many symbolic links were encountered in translating the pathname
chown	chown/07.t	07	chown returns EPERM if the operation would change the ownership, but the effective user ID is not the super-user and the process is not an owner of the file
chown	chown/08.t	08	chown returns EPERM if the named file has its immutable or append-only flag set
chown	chown/09.t	09	chown returns EROFS if the named file resides on a read-only file system
chown	chown/10.t	10	chown returns EFAULT if the path argument points outside the process's allocated address space
ftruncate	ftruncate/00.t	00	ftruncate descrease/increase file size
ftruncate	ftruncate/01.t	01	truncate returns ENOTDIR if a component of the path prefix is not a directory
ftruncate	ftruncate/02.t	02	truncate returns ENAMETOOLONG if a component of a pathname exceeded {NAME_MAX} characters
ftruncate	ftruncate/03.t	03	truncate returns ENAMETOOLONG if an entire path name exceeded {PATH_MAX} characters
ftruncate	ftruncate/04.t	04	truncate returns ENOENT if the named file does not exist
ftruncate	ftruncate/05.t	05	truncate returns EACCES when search permission is denied for a component of the path prefix
ftruncate	ftruncate/06.t	06	truncate returns EACCES if the named file is not writable by the user
ftruncate	ftruncate/07.t	07	truncate returns ELOOP if too many symbolic links were encountered in translating the pathname
ftruncate	ftruncate/08.t	08	truncate returns EPERM if the named file has its immutable or append-only flag set
ftruncate	ftruncate/09.t	09	truncate returns EISDIR if the named file is a directory
ftruncate	ftruncate/10.t	10	truncate returns EROFS if the named file resides on a read-only file system
ftruncate	ftruncate/11.t	11	truncate returns ETXTBSY the file is a pure procedure (shared text) file that is being executed
ftruncate	ftruncate/12.t	12	truncate returns EFBIG or EINVAL if the length argument was greater than the maximum file size
ftruncate	ftruncate/13.t	13	ftruncate returns EINVAL if the length argument was less than 0
ftruncate	ftruncate/14.t	14	truncate returns EFAULT if the path argument points outside the process's allocated address space
granular	granular/00.t	00	NFSv4 granular permissions checking - WRITE_DATA vs APPEND_DATA on directories
granular	granular/01.t	01	NFSv4 granular permissions checking - ACL_READ_ATTRIBUTES and ACL_WRITE_ATTRIBUTES
granular	granular/02.t	02	NFSv4 granular permissions checking - ACL_READ_ACL and ACL_WRITE_ACL
granular	granular/03.t	03	NFSv4 granular permissions checking - DELETE and DELETE_CHILD
granular	granular/04.t	04	NFSv4 granular permissions checking - ACL_WRITE_OWNER
granular	granular/05.t	05	NFSv4 granular permissions checking - DELETE and DELETE_CHILD with directories
granular	granular/06.t	06	NFSv4 granular permissions checking - setuid and setgid are cleared when non-owner calls chown
link	link/00.t	00	link creates hardlinks
link	link/01.t	01	link returns ENOTDIR if a component of either path prefix is not a directory
link	link/02.t	02	link returns ENAMETOOLONG if a component of either pathname exceeded {NAME_MAX} characters
link	link/03.t	03	link returns ENAMETOOLONG if an entire length of either path name exceeded {PATH_MAX} characters
link	link/04.t	04	link returns ENOENT if a component of either path prefix does not exist
link	link/05.t	05	link returns EMLINK if the link count of the file named by name1 would exceed {PC_LINK_MAX}
link	link/06.t	06	link returns EACCES when a component of either path prefix denies search permission
link	link/07.t	07	link returns EACCES when the requested link requires writing in a directory with a mode that denies write permission
link	link/08.t	08	link returns ELOOP if too many symbolic links were encountered in translating one of the pathnames
link	link/09.t	09	link returns ENOENT if the source file does not exist
link	link/10.t	10	link returns EEXIST if the destination file does exist
link	link/11.t	11	link returns EPERM if the source file is a directory
link	link/12.t	12	link returns EPERM if the source file has its immutable or append-only flag set
link	link/13.t	13	link returns EPERM if the parent directory of the destination file has its immutable flag set
link	link/14.t	14	link returns EXDEV if the source and the destination files are on different file systems
link	link/15.t	15	link returns ENOSPC if the directory in which the entry for the new link is being placed cannot be extended because there is no space left on the file system containing the directory
link	link/16.t	16	link returns EROFS if the requested link requires writing in a directory on a read-only file system
link	link/17.t	17	link returns EFAULT if one of the pathnames specified is outside the process's allocated address space
mkdir	mkdir/00.t	00	mkdir creates directories
mkdir	mkdir/01.t	01	mkdir returns ENOTDIR if a component of the path prefix is not a directory
mkdir	mkdir/02.t	02	mkdir returns ENAMETOOLONG if a component of a pathname exceeded {NAME_MAX} characters
mkdir	mkdir/03.t	03	mkdir returns ENAMETOOLONG if an entire path name exceeded {PATH_MAX} characters
mkdir	mkdir/04.t	04	mkdir returns ENOENT if a component of the path prefix does not exist
mkdir	mkdir/05.t	05	mkdir returns EACCES when search permission is denied for a component of the path prefix
mkdir	mkdir/06.t	06	mkdir returns EACCES when write permission is denied on the parent directory of the directory to be created
mkdir	mkdir/07.t	07	mkdir returns ELOOP if too many symbolic links were encountered in translating the pathname
mkdir	mkdir/08.t	08	mkdir returns EPERM if the parent directory of the directory to be created has its immutable flag set
mkdir	mkdir/09.t	09	mkdir returns EROFS if the named file resides on a read-only file system
mkdir	mkdir/10.t	10	mkdir returns EEXIST if the named file exists
mkdir	mkdir/11.t	11	mkdir returns ENOSPC if there are no free inodes on the file system on which the directory is being created
mkdir	mkdir/12.t	12	mkdir returns EFAULT if the path argument points outside the process's allocated address space
mkfifo	mkfifo/00.t	00	mkfifo creates fifo files
mkfifo	mkfifo/01.t	01	mkfifo returns ENOTDIR if a component of the path prefix is not a directory
mkfifo	mkfifo/02.t	02	mkfifo returns ENAMETOOLONG if a component of a pathname exceeded {NAME_MAX} characters
mkfifo	mkfifo/03.t	03	mkfifo returns ENAMETOOLONG if an entire path name exceeded {PATH_MAX} characters
mkfifo	mkfifo/04.t	04	mkfifo returns ENOENT if a component of the path prefix does not exist
mkfifo	mkfifo/05.t	05	mkfifo returns EACCES when search permission is denied for a component of the path prefix
mkfifo	mkfifo/06.t	06	mkfifo returns EACCES when write permission is denied on the parent directory of the file to be created
mkfifo	mkfifo/07.t	07	mkfifo returns ELOOP if too many symbolic links were encountered in translating the pathname
mkfifo	mkfifo/08.t	08	mkfifo returns EROFS if the named file resides on a read-only file system
mkfifo	mkfifo/09.t	09	mkfifo returns EEXIST if the named file exists
mkfifo	mkfifo/10.t	10	mkfifo returns EPERM if the parent directory of the file to be created has its immutable flag set
mkfifo	mkfifo/11.t	11	mkfifo returns ENOSPC if there are no free inodes on the file system on which the file is being created
mkfifo	mkfifo/12.t	12	mkfifo returns EFAULT if the path argument points outside the process's allocated address space
mknod	mknod/00.t	00	mknod creates fifo files
mknod	mknod/01.t	01	mknod returns ENOTDIR if a component of the path prefix is not a directory
mknod	mknod/02.t	02	mknod returns ENAMETOOLONG if a component of a pathname exceeded {NAME_MAX} characters
mknod	mknod/03.t	03	mknod returns ENAMETOOLONG if an entire path name exceeded {PATH_MAX} characters
mknod	mknod/04.t	04	mknod returns ENOENT if a component of the path prefix does not exist
mknod	mknod/05.t	05	mknod returns EACCES when search permission is denied for a component of the path prefix
mknod	mknod/06.t	06	mknod returns EACCES when write permission is denied on the parent directory of the file to be created
mknod	mknod/07.t	07	mknod returns ELOOP if too many symbolic links were encountered in translating the pathname
mknod	mknod/08.t	08	mknod returns EEXIST if the named file exists
mknod	mknod/09.t	09	mknod returns EPERM if the parent directory of the file to be created has its immutable flag set
mknod	mknod/10.t	10	mknod returns EFAULT if the path argument points outside the process's allocated address space
mknod	mknod/11.t	11	mknod creates device files
open	open/00.t	00	open opens (and eventually creates) a file
open	open/01.t	01	open returns ENOTDIR if a component of the path prefix is not a directory
open	open/02.t	02	open returns ENAMETOOLONG if a component of a pathname exceeded {NAME_MAX} characters
open	open/03.t	03	open returns ENAMETOOLONG if an entire path name exceeded ${PATH_MAX} characters
open	open/04.t	04	open returns ENOENT if a component of the path name that must exist does not exist or O_CREAT is not set and the named file does not exist
open	open/05.t	05	open returns EACCES when search permission is denied for a component of the path prefix
open	open/06.t	06	open returns EACCES when the required permissions (for reading and/or writing) are denied for the given flags
open	open/07.t	07	open returns EACCES when O_TRUNC is specified and write permission is denied
open	open/08.t	08	open returns EACCES when O_CREAT is specified, the file does not exist, and the directory in which it is to be created does not permit writing
open	open/09.t	09	O_CREAT is specified, the file does not exist, and the directory in which it is to be created has its immutable flag set
open	open/10.t	10	open returns EPERM when the named file has its immutable flag set and the file is to be modified
open	open/11.t	11	open returns EPERM when the named file has its append-only flag set, the file is to be modified, and O_TRUNC is specified or O_APPEND is not specified
open	open/12.t	12	open returns ELOOP if too many symbolic links were encountered in translating the pathname
open	open/13.t	13	open returns EISDIR when trying to open a directory for writing
open	open/14.t	14	open returns EROFS if the named file resides on a read-only file system, and the file is to be modified
open	open/15.t	15	open returns EROFS when O_CREAT is specified and the named file would reside on a read-only file system
open	open/16.t	16	open returns $error when O_NOFOLLOW was specified and the target is a symbolic link
open	open/17.t	17	open returns ENXIO when O_NONBLOCK is set, the named file is a fifo, O_WRONLY is set, and no process has the file open for reading
open	open/18.t	18	open returns EWOULDBLOCK when O_NONBLOCK and one of O_SHLOCK or O_EXLOCK is specified and the file is locked
open	open/19.t	19	open returns ENOSPC when O_CREAT is specified, the file does not exist, and there are no free inodes on the file system on which the file is being created
open	open/20.t	20	open returns ETXTBSY when the file is a pure procedure (shared text) file that is being executed and the open() system call requests write access
open	open/21.t	21	open returns EFAULT if the path argument points outside the process's allocated address space
open	open/22.t	22	open returns EEXIST when O_CREAT and O_EXCL were specified and the file exists
open	open/23.t	23	open may return EINVAL when an attempt was made to open a descriptor with an illegal combination of O_RDONLY, O_WRONLY, and O_RDWR
open	open/24.t	24	open returns $expected_error when trying to open UNIX domain socket
open	open/25.t	25	interact with > 2 GB files
posix_fallocate	posix_fallocate/00.t	00	posix_fallocate descrease/increase file size
rename	rename/00.t	00	rename changes file name
rename	rename/01.t	01	rename returns ENAMETOOLONG if a component of either pathname exceeded {NAME_MAX} characters
rename	rename/02.t	02	rename returns ENAMETOOLONG if an entire length of either path name exceeded {PATH_MAX} characters
rename	rename/03.t	03	rename returns ENOENT if a component of the 'from' path does not exist, or a path prefix of 'to' does not exist
rename	rename/04.t	04	rename returns EACCES when a component of either path prefix denies search permission
rename	rename/05.t	05	rename returns EACCES when the requested link requires writing in a directory with a mode that denies write permission
rename	rename/06.t	06	rename returns EPERM if the file pointed at by the 'from' argument has its immutable, undeletable or append-only flag set
rename	rename/07.t	07	rename returns EPERM if the parent directory of the file pointed at by the 'from' argument has its immutable or append-only flag set
rename	rename/08.t	08	rename returns EPERM if the parent directory of the file pointed at by the 'to' argument has its immutable flag set
rename	rename/09.t	09	rename returns EACCES or EPERM if the directory containing 'from' is marked sticky, and neither the containing directory nor 'from' are owned by the effective user ID
rename	rename/10.t	10	rename returns EACCES or EPERM if the file pointed at by the 'to' argument exists, the directory containing 'to' is marked sticky, and neither the containing directory nor 'to' are owned by the effective user ID
rename	rename/11.t	11	rename returns ELOOP if too many symbolic links were encountered in translating one of the pathnames
rename	rename/12.t	12	rename returns ENOTDIR if a component of either path prefix is not a directory
rename	rename/13.t	13	rename returns ENOTDIR when the 'from' argument is a directory, but 'to' is not a directory
rename	rename/14.t	14	rename returns EISDIR when the 'to' argument is a directory, but 'from' is not a directory
rename	rename/15.t	15	rename returns EXDEV if the link named by 'to' and the file named by 'from' are on different file systems
rename	rename/16.t	16	rename returns EROFS if the requested link requires writing in a directory on a read-only file system
rename	rename/17.t	17	rename returns EFAULT if one of the pathnames specified is outside the process's allocated address space
rename	rename/18.t	18	rename returns EINVAL when the 'from' argument is a parent directory of 'to'
rename	rename/19.t	19	rename returns EINVAL/EBUSY when an attempt is made to rename '.' or '..'
rename	rename/20.t	20	rename returns EEXIST or ENOTEMPTY if the 'to' argument is a directory and is not empty
rename	rename/21.t	21	write access to subdirectory is required to move it to another directory
rename	rename/22.t	22	rename changes file ctime
rename	rename/23.t	23	rename succeeds when to is multiply linked
rename	rename/24.t	24	rename of a directory updates its .. link
rmdir	rmdir/00.t	00	rmdir removes directories
rmdir	rmdir/01.t	01	rmdir returns ENOTDIR if a component of the path is not a directory
rmdir	rmdir/02.t	02	rmdir returns ENAMETOOLONG if a component of a pathname exceeded {NAME_MAX} characters
rmdir	rmdir/03.t	03	rmdir returns ENAMETOOLONG if an entire path name exceeded ${PATH_MAX} characters
rmdir	rmdir/04.t	04	rmdir returns ENOENT if the named directory does not exist
rmdir	rmdir/05.t	05	rmdir returns ELOOP if too many symbolic links were encountered in translating the pathname
rmdir	rmdir/06.t	06	rmdir returns EEXIST or ENOTEMPTY the named directory contains files other than '.' and '..' in it
rmdir	rmdir/07.t	07	rmdir returns EACCES when search permission is denied for a component of the path prefix
rmdir	rmdir/08.t	08	rmdir returns EACCES when write permission is denied on the directory containing the link to be removed
rmdir	rmdir/09.t	09	rmdir returns EPERM if the named directory has its immutable, undeletable or append-only flag set
rmdir	rmdir/10.t	10	rmdir returns EPERM if the parent directory of the named file has its immutable or append-only flag set
rmdir	rmdir/11.t	11	rmdir returns EACCES or EPERM if the directory containing the directory to be removed is marked sticky, and neither the containing directory nor the directory to be removed are owned by the effective user ID
rmdir	rmdir/12.t	12	rmdir returns EINVAL if the last component of the path is '.' and EEXIST or ENOTEMPTY if the last component of the path is '..'
rmdir	rmdir/13.t	13	rmdir returns EBUSY if the directory to be removed is the mount point for a mounted file system
rmdir	rmdir/14.t	14	rmdir returns EROFS if the named file resides on a read-only file system
rmdir	rmdir/15.t	15	rmdir returns EFAULT if the path argument points outside the process's allocated address space
symlink	symlink/00.t	00	symlink creates symbolic links
symlink	symlink/01.t	01	symlink returns ENOTDIR if a component of the name2 path prefix is not a directory
symlink	symlink/02.t	02	symlink returns ENAMETOOLONG if a component of the name2 pathname exceeded {NAME_MAX} characters
symlink	symlink/03.t	03	symlink returns ENAMETOOLONG if an entire length of either path name exceeded {PATH_MAX} characters
symlink	symlink/04.t	04	symlink returns ENOENT if a component of the name2 path prefix does not exist
symlink	symlink/05.t	05	symlink returns EACCES when a component of the name2 path prefix denies search permission
symlink	symlink/06.t	06	symlink returns EACCES if the parent directory of the file to be created denies write permission
symlink	symlink/07.t	07	symlink returns ELOOP if too many symbolic links were encountered in translating the name2 path name
symlink	symlink/08.t	08	symlink returns EEXIST if the name2 argument already exists
symlink	symlink/09.t	09	symlink returns EPERM if the parent directory of the file named by name2 has its immutable flag set
symlink	symlink/10.t	10	symlink returns EROFS if the file name2 would reside on a read-only file system
symlink	symlink/11.t	11	symlink returns ENOSPC if there are no free inodes on the file system on which the symbolic link is being created
symlink	symlink/12.t	12	symlink returns EFAULT if one of the pathnames specified is outside the process's allocated address space
truncate	truncate/00.t	00	truncate descrease/increase file size
truncate	truncate/01.t	01	truncate returns ENOTDIR if a component of the path prefix is not a directory
truncate	truncate/02.t	02	truncate returns ENAMETOOLONG if a component of a pathname exceeded {NAME_MAX} characters
truncate	truncate/03.t	03	truncate returns ENAMETOOLONG if an entire path name exceeded {PATH_MAX} characters
truncate	truncate/04.t	04	truncate returns ENOENT if the named file does not exist
truncate	truncate/05.t	05	truncate returns EACCES when search permission is denied for a component of the path prefix
truncate	truncate/06.t	06	truncate returns EACCES if the named file is not writable by the user
truncate	truncate/07.t	07	truncate returns ELOOP if too many symbolic links were encountered in translating the pathname
truncate	truncate/08.t	08	truncate returns EPERM if the named file has its immutable or append-only flag set
truncate	truncate/09.t	09	truncate returns EISDIR if the named file is a directory
truncate	truncate/10.t	10	truncate returns EROFS if the named file resides on a read-only file system
truncate	truncate/11.t	11	truncate returns ETXTBSY the file is a pure procedure (shared text) file that is being executed
truncate	truncate/12.t	12	truncate returns EFBIG or EINVAL if the length argument was greater than the maximum file size
truncate	truncate/13.t	13	truncate returns EINVAL if the length argument was less than 0
truncate	truncate/14.t	14	truncate returns EFAULT if the path argument points outside the process's allocated address space
unlink	unlink/00.t	00	unlink removes regular files, symbolic links, fifos and sockets
unlink	unlink/01.t	01	unlink returns ENOTDIR if a component of the path prefix is not a directory
unlink	unlink/02.t	02	unlink returns ENAMETOOLONG if a component of a pathname exceeded {NAME_MAX} characters
unlink	unlink/03.t	03	unlink returns ENAMETOOLONG if an entire path name exceeded {PATH_MAX} characters
unlink	unlink/04.t	04	unlink returns ENOENT if the named file does not exist
unlink	unlink/05.t	05	unlink returns EACCES when search permission is denied for a component of the path prefix
unlink	unlink/06.t	06	unlink returns EACCES when write permission is denied on the directory containing the link to be removed
unlink	unlink/07.t	07	unlink returns ELOOP if too many symbolic links were encountered in translating the pathname
unlink	unlink/08.t	08	unlink may return EPERM if the named file is a directory
unlink	unlink/09.t	09	unlink returns EPERM if the named file has its immutable, undeletable or append-only flag set
unlink	unlink/10.t	10	unlink returns EPERM if the parent directory of the named file has its immutable or append-only flag set
unlink	unlink/11.t	11	unlink returns EACCES or EPERM if the directory containing the file is marked sticky, and neither the containing directory nor the file to be removed are owned by the effective user ID
unlink	unlink/12.t	12	unlink returns EROFS if the named file resides on a read-only file system
unlink	unlink/13.t	13	unlink returns EFAULT if the path argument points outside the process's allocated address space
unlink	unlink/14.t	14	An open file will not be immediately freed by unlink
utimensat	utimensat/00.t	00	utimensat changes timestamps on any type of file
utimensat	utimensat/01.t	01	utimensat with UTIME_NOW will set the will set typestamps to now
utimensat	utimensat/02.t	02	utimensat with UTIME_OMIT will leave the time unchanged
utimensat	utimensat/03.t	03	utimensat can update birthtimes
utimensat	utimensat/04.t	04	utimensat can set mtime < atime or vice versa
utimensat	utimensat/05.t	05	utimensat can follow symlinks
utimensat	utimensat/06.t	06	utimensat with UTIME_NOW will work if the caller has write permission
utimensat	utimensat/07.t	07	utimensat will work if the caller is the owner or root
utimensat	utimensat/08.t	08	utimensat can set timestamps with subsecond precision
utimensat	utimensat/09.t	09	utimensat is y2038 compliant
